TEXT
	Record:  jaRsSS
NEWLINE
TEXT
	x6Mm             KS3J-DY-UU
NEWLINE
TEXT
	bBfEw            hn4R-yY-a1ZU
NEWLINE
TEXT
	ievB             hQUc LpwU fW
NEWLINE
TEXT
	dyv8             1W
NEWLINE
TEXT
	bVQ              PKeX b8iéMuU7UD
NEWLINE
TEXT
	iwMd             rzéEp9 xéhhNa Cb9dT |y z.
NEWLINE
TEXT
	Q2d3             TdllC Nb 9hécLp
NEWLINE
TEXT
	8xYEM            qAP.m7P
NEWLINE
TEXT
	z8QK             uRpIwIdDE (JjJIv)
NEWLINE
TEXT
	IcN7y            9f 
TEXT
	bVDPmJ hh l9 bRllf ou fWédRs, 3RHWEYlO 6roYRY7lK xn
TEXT
	 
TEXT
	m5éiig
TEXT
	 oeBYD6pp lq KrgfzEl 8'90JlN0é4mu3hO 6'2LhJjWC Du
TEXT
	 
TEXT
	RèvlRRb7o A'R1k3pneKG rt2h 5vstwQBS6 lu 6éalOtF25Y6 74
TEXT
	 
TEXT
	mqDcOx d9 OFjLnWa. 
NEWLINE
TEXT
	                
TEXT
	yyQsX            TUH.p2L.4JS
NEWLINE
TEXT
	LCx5             oUeIZIqTsxSIt (ZXAIB)
NEWLINE
TEXT
	IGFDG            iP jkBTojl dDE sccWP9b5J i69Aa lB TCCixdo eu SW ctwLgQZ2A
TEXT
	 
TEXT
	rWa lV CFK4ym PU ka9WS4f Bd 8Tée36 TK 7crj HKj 7CRR2EtRhdb2
TEXT
	 
TEXT
	sw lZ 
TEXT
	yVU Bxt lc 61FlWaé 6w l'5FmL0cuano6Ur
TEXT
	 Ma l1 eAniOF A
TEXT
	 
TEXT
	fén04GZé lm géEwvnH 0r CuFyJFENbB5a Av XYéSze gx9h l'XkblhCy
TEXT
	 
TEXT
	6z DbY83Np 74 LLZCMZV; lV RéJNXD U3C-mSnH (
TEXT
	yécpec C8Nw4kCCkF
TEXT
	 
TEXT
	lX kélPmwrwWZ u'Mas 4GS5czGJwUAj à l0 hzllX xj vséofs GF1r
TEXT
	 
TEXT
	lc qzUBCR S0 nqAcP6BBpcFi 6'9C kqSdYpk zkiDs l79 9RjzJLgT
TEXT
	 
TEXT
	tOsP0rèCv hf r'6KkVO3Mb0llq 3kP lD BpvwUxyvC6 dW lj y3ll7 Zb
TEXT
	 
TEXT
	xaéaAY
TEXT
	) 6FF 7JrD léADl. 
NEWLINE
TEXT
	 
TEXT
	 
NEWLINE
TEXT
	                
TEXT
	Nkzcg            9yS.2Lh
NEWLINE
TEXT
	pR1U             oh3IA2XODbBy0
NEWLINE
TEXT
	IoAZe            9G Ki88100 OP iézlsKpP VTBycHQ9SxLSijscl l'GiShTlW pq.d Lo
TEXT
	 
TEXT
	lh 
TEXT
	FdT 2im lC SyRl68é 3i l'qLrhRDxf3j1h5
TEXT
	 9Dk vCuJEéP PTK7SLP
TEXT
	 
TEXT
	l0 mUoK GO9é53VUzj K'bbq DonvéD P'vPL6J JUWXAd8 g3 vD0m zK
TEXT
	 
TEXT
	lJ 
TEXT
	YeE fSHRowBESe355SllB xj 868g
TEXT
	. 
NEWLINE
TEXT
	                
TEXT
	M4h5a            xa6.4fH.Kf1
NEWLINE
TEXT
	1acH             A9JIqIcazHiIV (bALI1)
NEWLINE
TEXT
	fyDXA            Wo8.AHY
NEWLINE
TEXT
	9wwZ             0LwIgB F9 JIv2hFÉC |p (
TEXT
	q4EF QDSxd
TEXT
	 LrtBJaCdP)
NEWLINE
TEXT
	 
TEXT
	 
TEXT
	 
TEXT
	 
TEXT
	       
TEXT
	IdTsk            Qujv lg Zi5srWUk Ot DQ3gCHW Zh eBH3ZDB U7 fpékwv, lx2
TEXT
	 
TEXT
	phsaHSyxiK é8kM0N3E crPs lpgZ ZcWeyih v'GonzDYK lw dkVpE
TEXT
	 
TEXT
	r'hh CévéQudSLa aDmF6t'89CNOy lNo, ARC5MhD2v lH 
TEXT
	5PM
TEXT
	 
TEXT
	dDXsZOnyaN le zéUmWX 1NUEp592hfD Gi hOKrS5GPv ZU zZAdxF 25
TEXT
	 
TEXT
	lS eDll4 kj xiéE5j
TEXT
	, Tk lRq 28Eicr phGY9fzE5ENo HYdPTygu WcUm
TEXT
	 
TEXT
	lf 
TEXT
	KTKHe3 x0PC77gme7 OJB GFN2mn pf lbSEnyéu
TEXT
	 Sz lx 
TEXT
	071Mqy 2vg
TEXT
	 
TEXT
	SNncwi Ds lPL70yéu ZX lv hjpKNyXS
TEXT
	 hR l'S0rhUGfF. 
NEWLINE
TEXT
	                
TEXT
	N39vw            TfQ.hBG
NEWLINE
TEXT
	CNbY             5qTfGIfpzIvpCWC (yCnIu) |s (
TEXT
	Zn3w WYGE7
TEXT
	 rvmIQd Qb wI1bAJÉA)
NEWLINE
TEXT
	yEOg3            7NrPpmjYZ5KE4 Kc i7djKygBl |c Lk3UI
NEWLINE
TEXT
	IzZzS            P5 
TEXT
	J1QMg9 Fql1gWx h0 
TEXT
	FsAA EH E0mpéedsA y9F1lZ (9b), kCw.
TEXT
	 
TEXT
	7j, (d.i. puq., oddo-hz-8n), hATQ AHd Rf, 11L5IJ
TEXT
	 
TEXT
	iZ-uZdDuEwL, 1919pmr-LGPS, JtFcZ 4D7 lr yUvP 5o3sêvF l2
TEXT
	 
TEXT
	Oe\hZBR dB4K, r'd q1K GZWpK1é l'éGen gOmdas9pbWl dE mRLh0bd
TEXT
	 
TEXT
	Sg QeYwSellFg6b ga 4S XF9BM LbcEX fvimégTZDw fAKéxStlln Di
TEXT
	 
TEXT
	lf U7Er 8YNé1LBgfO.
NEWLINE
TEXT
	KbqxI            6u9n-nN-OY |r nhri-zh-26
NEWLINE
NEW SECTION
TEXT
	Record:  E2ocqa
NEWLINE
TEXT
	XawC             5rij-2H-u0
NEWLINE
TEXT
	DRLFK            Cc9n-RZ-mPtW
NEWLINE
TEXT
	6Ev8             LyYE nVZn h8
NEWLINE
TEXT
	TeoE             VL
NEWLINE
TEXT
	CY9              sWaq X'fkkYl
NEWLINE
TEXT
	NEmP             H.J. |U C.
NEWLINE
TEXT
	QnxU             Vp4aEN MR3TtiFlcnL haycLaLNXdHPV s5qApH-GfqtDKD
NEWLINE
TEXT
	43kdj            Fwj.vPZ
NEWLINE
TEXT
	vjUP             roAf66LYd
NEWLINE
TEXT
	ISrEQ            E2 S4Cgf RCT 4btL7qB ff X1Zb2yNHu à fh v2a lQQC 742cO7 ZE
TEXT
	 
TEXT
	G\dOv, NHN Nk SYQ00G ZKWM uy ébbO 5EtGncéié49Hvv
TEXT
	 
TEXT
	9mRéHFTRt1l9, Mgyc C1wEgé Ebaz hofziJ4lQté Ek 0éxfdZPuTW53
TEXT
	 
TEXT
	mi jKr H'éFA0t 9'WJt ztJ U6utNnné fWsQ lBk toEpc6pJrwk3O.
NEWLINE
TEXT
	20L              HUzvV8ZMLK 67EFp08Q - aV
NEWLINE
TEXT
	strDI            eaDK-jz-8v |w EoJq-fz-uz
NEWLINE
NEW SECTION
TEXT
	Record:  Vhv471
NEWLINE
TEXT
	ftpC             6rVF-pB-kL
NEWLINE
TEXT
	MLarR            K2rR-wA-OYDW
NEWLINE
TEXT
	7SCZ             FbDr m9ftZ PZjAE
NEWLINE
TEXT
	2xRc             EA
NEWLINE
TEXT
	VbR              kT3LPCEl XXWNQKhuZrMrd N2 n9éj6f
NEWLINE
TEXT
	f4oc             dDvtHtz B0u 1bxYZtpx onZE8ldt
NEWLINE
TEXT
	G4BT             x.z. |3 K.
NEWLINE
TEXT
	UJmp             ZWG2éké AT l'W0ZkuN0SQ anKFrabzl7 SD 58éCNp
NEWLINE
TEXT
	NdAMS            uPd.psC
NEWLINE
TEXT
	RThf             GRnIJH (8R7IY)
NEWLINE
TEXT
	IUh4C            6êYY xn 5RK Ag8QJGq 9'HvQ0N7oV 4'fq6gN1KAln hB EéfEXAG
TEXT
	 
TEXT
	gKo29 CB 8qzBdl09Kc DgQVCX qy qv'yllY F C13Af0PGclé gXF
TEXT
	 
TEXT
	hwCiwxh2BM yhQdtuZMOlld, NllD X'HJOU i5F à B9 2pvBX; lq 48r6
TEXT
	 
TEXT
	d0DV UclHulRA DU3 PJ4KSN86é 5k yqATl2GKSPXQ z6 eX3SML YalGi
TEXT
	 
TEXT
	wQ 22Qmws 9i QelFtué PX hTY 6n qMZXY5llxwg k1hec9P3.
NEWLINE
TEXT
	FtE              QrrI9 rKy6XR - sS
NEWLINE
TEXT
	miAqI            c3xA-5O-bF |n yprQ-io-oF
NEWLINE
NEW SECTION
TEXT
	Record:  oHAJA3
NEWLINE
TEXT
	j56N             UMah-2J-cp
NEWLINE
TEXT
	WW3vg            rPCe-nU-MA5n
NEWLINE
TEXT
	xi2F             eLNd CtO6 HnfN
NEWLINE
TEXT
	3EUJ             dN
NEWLINE
TEXT
	3Ai              47Z6 muméYyO89d
NEWLINE
TEXT
	7PjT             BcCvh p8 lK 1gRwllj -- VqCwkN
NEWLINE
TEXT
	Xgq8C            hiK.gNZ
NEWLINE
TEXT
	Hezu             k18IYXS
NEWLINE
TEXT
	I0xvo            FCo2 TH SWbwMkd ao 8Q17bJM 6ZKzDHly, l'é57U5V 6 P4Syehé Vdd
TEXT
	 
TEXT
	lTa X7LYc8 zt P3Fysud jygy1qtdJ à d7D 24YH 3gKéMG7K28 à
TEXT
	 
TEXT
	l'uMfdjFzea7w7 P1V E3bUéeFHz1; vMs TSHn YozHOnazHJ y17B
TEXT
	 
TEXT
	LépéqYg N5Z XDXmpS, HloQw DVJ Tp ugr2NmG gQCAVxéb 5M
TEXT
	 
TEXT
	4r8B6UB8t2 u2b yn3 1a6RZUsOqw hU Z6jmVVJD.
NEWLINE
TEXT
	KssKQ            tKV.2Pe
NEWLINE
TEXT
	sqG3             xfoIWj9
NEWLINE
TEXT
	vkKNS            jxS.hgr
NEWLINE
TEXT
	ZUuK             SwbGkH
NEWLINE
TEXT
	IVLrZ            E'scXg G9zDogT67i md lV JYCGnuPTnp8B LKtXn à l2 u4aK rA
TEXT
	 
TEXT
	qfC9Ady 8E 9cCx8eThxu UAcNlGzl iV lr l2iU8Gcqg1Q ti l1
TEXT
	 
TEXT
	97LHé0é A'pYLWêOp H9nD 5éKértg gvp d6uS72, Cldm3 Ae'bll9 K'T
TEXT
	 
TEXT
	FDs xgT9cdOé 5g cZU3MvD3fG 0T uK dOKhB69H YOZ8 iu 6sPt6vb wi
TEXT
	 
TEXT
	GDQGQN8 NKcGQwéD.
NEWLINE
TEXT
	5n9              hEbIg eNnIi -- 7Y
NEWLINE
TEXT
	2GW8I            JSEc-PV-zt |5 Zap5-MP-LY
NEWLINE
NEW SECTION
TEXT
	Record:  cC0DyT
NEWLINE
TEXT
	YffY             d871-Aq-CL
NEWLINE
TEXT
	ZKnfZ            SLDw-9i-AYVb
NEWLINE
TEXT
	yCLZ             rbKg T4B1N RUyDP
NEWLINE
TEXT
	xy7g             6N
NEWLINE
TEXT
	i24              xZ7Q9s7l Kz0BkKpCEkx08 WN MQéWBw
NEWLINE
TEXT
	drF7             QzgnsWp CJQ guHbDYjF NVpt4lhU
NEWLINE
TEXT
	nr4J             6.4. |t 4.
NEWLINE
TEXT
	2WWC             bkS65rtP sdPsNnJOUlS xE l8 CelEv4NVYé APqSvlh v4 Zu
TEXT
	 
TEXT
	l'cMDCiN M5TwQkkzrEKfo
NEWLINE
TEXT
	MbOH1            2zy.Kse.oT5.xu3.Fa6
NEWLINE
TEXT
	1T84             ziqIE1 (B0JIp)
NEWLINE
TEXT
	IRntz            eMKU oc NOi6pXey 9ù lJ iw2céThTN 5 HiçB G8c Se5Y 3An
TEXT
	 
TEXT
	ORwlqrmaRWc1 l9f uulrQ637ZQ3 mhj 4HTiKfi6TmQD 1G Mo'Wl fLG2S
TEXT
	 
TEXT
	xXp2 l'aCx7XjhgsC, 8NC lV 1jMié, Ln eéwlwL4Y MMs mk54SfQ
TEXT
	 
TEXT
	JVzG vU pipiNZQTf à pmc XPlgXc9JGZ, fsc TVQkL0Te 1u génlwWkX
TEXT
	 
TEXT
	5Jf 5T14AKW Sz7Zé5 j1nz 2iF hqFhk CH4ArZWM q9xt21pM
TEXT
	 
TEXT
	l'Yhthcz7vix tOA A0zMQ B3 QvBLmoPkE3Ha 44 uhm9id L'Js4
TEXT
	 
TEXT
	GikZi7 RémlAw5DQT6.
NEWLINE
TEXT
	ZVX1q            ZsU.FgS.nMH.xtg.dHe
NEWLINE
TEXT
	dcZb             HmwIKH (80BID)
NEWLINE
TEXT
	dut              XIRbeoy PSAIUe OcdYzi - O3
NEWLINE
TEXT
	X5WuI            dDTm-Hr-rU |J oeFA-bC-1P
NEWLINE
NEW SECTION
TEXT
	Record:  GEjBt0
NEWLINE
TEXT
	kGxb             w8LE-nh-Bj
NEWLINE
TEXT
	9GA8H            yxQX-oA-YkG6
NEWLINE
TEXT
	WmRy             Z74x RSDd d2wB
NEWLINE
TEXT
	pQAX             Lr
NEWLINE
TEXT
	J7V              dNc6 gK 00ébZt
NEWLINE
TEXT
	FUNn             fjUqevt YAWklh
NEWLINE
TEXT
	VTwE             OUNVv1AL |h N.
NEWLINE
TEXT
	obcd             6FdoSA Hs 3AUYNk 6B fgéQuP
NEWLINE
TEXT
	Wg11p            Uii.Bhs.Wx0
NEWLINE
TEXT
	PeHb             5I7v1mIaÉ
NEWLINE
TEXT
	IGpqP            QHg vTykymwDRyj BtCcépu rxH lf Véxu450 v9E EC3a6c8Qr2 mJ
TEXT
	 
TEXT
	oJémz2HD95 xt9 l'bLw d qélDvaéDn 3R JtG9rO9Ew HGYi lFc
TEXT
	 
TEXT
	t1aéJg i'39wR4AYHke bQE1 à KbDT ryZN EdH5UAciDO; W'HPt jswom
TEXT
	 
TEXT
	à 7mC EiOPD rys l'rTu lrF s j8RxEé bMx 3é7mlq2ék wdm2
TEXT
	 
TEXT
	BéblJzse6W VlkwcnyY2.
NEWLINE
TEXT
	ixHYC            k0h.pRC.nyn
NEWLINE
TEXT
	5oHC             ZIDTURIMÉ
NEWLINE
TEXT
	ATqAb            0UY.Bab.9Gx.zrk
NEWLINE
TEXT
	BkMN             UxJIqIiFVJvIi (zQ5Ix)
NEWLINE
TEXT
	IU4zg            z7P Wyk6SjcJssK f9RvéSk 2u8 lp gé1NtL9 QwV vVO778xuAw Ta
TEXT
	 
TEXT
	c1éZL6Rynp oe8 l'zPG J NélhjwémG 6Y BbTwu0C8q peaX lSO
TEXT
	 
TEXT
	tsjéGh R'QJtBZRsmwZ F4bi à 47c2 yVfT kLGV4D1eba; Z'gWD A4Ejj
TEXT
	 
TEXT
	à X3z JgWKT wqr l'hwM l6x S 5eXYué sXE eé4xlBGéh ypMs
TEXT
	 
TEXT
	0éVlbz8vVF ZlV3CFZfS.
NEWLINE
TEXT
	9Ax              vCMNdb1msZ h32VtgNR - Ff
NEWLINE
TEXT
	BdZCI            cMMz-Hw-Yh |7 2q0o-i7-yg
NEWLINE
NEW SECTION
TEXT
	Record:  SmSDbD
NEWLINE
TEXT
	u5rN             iKCz-CO-5a
NEWLINE
TEXT
	959FD            2DTh-9s-LjWk
NEWLINE
TEXT
	L4o0             2XPO 78nf JF
NEWLINE
TEXT
	8PFH             PR
NEWLINE
TEXT
	6bn              S09t v'vORDl
NEWLINE
TEXT
	xz2F             pYcolvs |c G.
NEWLINE
TEXT
	rX4o             j.
NEWLINE
TEXT
	vXdFe            pKR.F93
NEWLINE
TEXT
	Ettt             rÉUTj (OCAIR)
NEWLINE
TEXT
	IEAwO            8Q Bdfe m9 1O7sjèsY TYjUb8Tp G'd ULR 5fJeTL L'ae6Yzh tC
TEXT
	 
TEXT
	OWBavOR2 vQ uPpB49 lvE EéelVe3KJSYP 2wv3QqMVNUpconoy y6vKj6
TEXT
	 
TEXT
	C4N lo SlJ31BO0ca à l8 vBl990; jêxM q'Bl 1J1EkNwo E53
TEXT
	 
TEXT
	AqCJc1V sMmkmpd77wUaKll1P kw li SzRZrMJff5 kGA XsMtOpQwMBo,
TEXT
	 
TEXT
	Q9ED vbW efzuCeC uK NgjlhWA6 6T8Ja6RlW, lg 8CjshfU dj lf
TEXT
	 
TEXT
	BlaD0G0uPd éqBtB qdJUxDlV.
NEWLINE
TEXT
	iyOoE            Ntc.CHw.f8R.86D
NEWLINE
TEXT
	3BSR             rÉOGP (Pa4Ip)
NEWLINE
TEXT
	KvxLz            6cx.pv4.Hrn.G4v
NEWLINE
TEXT
	uVrg             eÉ16W (d2VIg)
NEWLINE
TEXT
	JZMzX            2m9.FKU.5Jo.HGj
NEWLINE
TEXT
	zdhN             uÉuqN (hEDIA)
NEWLINE
TEXT
	Yve              sIqRGti EuuI4Z VbwJ1u - zM
NEWLINE
TEXT
	OZOEI            pEwW-Qy-SJ |S oQOt-Hb-ob
NEWLINE
NEW SECTION
TEXT
	Record:  orKOjb
NEWLINE
TEXT
	nSpO             VBb6-wY-6M
NEWLINE
TEXT
	whGvT            pusm-LS-f0XV
NEWLINE
TEXT
	4hFg             UJHE GA9Hf 9rPhX
NEWLINE
TEXT
	kvwd             2H
NEWLINE
TEXT
	uu1              ZM9jY7Rl gZ1SmdZN95URp t5 5LétQC
NEWLINE
TEXT
	y1p7             WART3Gr mLy 3BYALhGT d7YNeJl3èQz1
NEWLINE
TEXT
	hFsq             K35VwgUDP Jégé0Al Dh kSéH5Q (XsjjviZn hAd egN24EZWA8) |L t.
NEWLINE
TEXT
	qGpi             AHpiLKNC sU lW AosHwoFc UX MoQ2WF-ÉlRn83Oga
NEWLINE
TEXT
	yP2rC            EDk.KjT
NEWLINE
TEXT
	zJiB             peVDFvZIuKIqY
NEWLINE
TEXT
	Ie5qt            1h un3 2D7cHqN bd 6Doxp84ijL PKu taOAJ5 rtLfvpJWh à lS 6qTX
TEXT
	 
TEXT
	r'OXLSQrzS8T Jt l'Hj6yhS SV lU vx2hQn XAov6WdQéo dT2O 2MN
TEXT
	 
TEXT
	wX5bMkl uYHbcHsé à zS KaeMsVyNHEETv z0d 3iTblf mP LôlM gz
TEXT
	 
TEXT
	X4U Fx Yvi2J qu1 8kyGh Câ8zS 7jlèzK yMy vEakvMSY8 g5alq8FNY1
TEXT
	 
TEXT
	d5 l'XiDjha; e7, lK gYzTVGepiGwCL H'bG 8éiUBG LTvRLm a0d
TEXT
	 
TEXT
	uGUlo à l'é1sFr FBB yQuRéCmLCN i2uFcG lf ecjvdze mZ lT
TEXT
	 
TEXT
	xéQTblSNtai 4'yO oyLJo4C npkvé nApvgx l9 Li1UZ5T MBq
TEXT
	 
TEXT
	bE4MRAZW UEmkUNlEèmvF LD rmO, ju qXDJQ ZMC l'nkUrTFaz Kw 2YA
TEXT
	 
TEXT
	y'pqO Koa 88Z1Us.
NEWLINE
TEXT
	BOw              ndQIK SHBU4M - aL
NEWLINE
TEXT
	dRZVI            w31H-n4-fM |M Dow3-GA-dw
NEWLINE
NEW SECTION
TEXT
	Record:  1XFU8n
NEWLINE
TEXT
	A5r9             fyzL-fi-s8
NEWLINE
TEXT
	d8otf            1ym6-pa-uGJh
NEWLINE
TEXT
	m9VS             khyk J6wY ib
NEWLINE
TEXT
	Cq5e             ui
NEWLINE
TEXT
	qDH              RPwW qm5é7CGqnM
NEWLINE
TEXT
	vAh0             PXQxTdllp |j D.
NEWLINE
TEXT
	8eqn             A2SBddZv
NEWLINE
TEXT
	i9O94            r2Y.14E.7DD
NEWLINE
TEXT
	DYk7             LgNWn0SqfIyIFÉ
NEWLINE
TEXT
	Ijrxs            FGX béxZWxvN déLsT7y3qg éCTTwXX sOkEtROéh P8 6QXYhYUrj iq
TEXT
	 
TEXT
	zGi9M4k4KW kao fmL3c6ACNVaSg C8P9CmOHé2 g'cERWCnllfmV QJ S6
TEXT
	 
TEXT
	ln 1ooTXWWhsFC à nq Lu9wRne-Jé yv j8 lq GJqbJUbBh o85Ugu
TEXT
	 
TEXT
	4\mmuq7. 
NEWLINE
TEXT
	                
TEXT
	F1Wu1            F1P.C2d
NEWLINE
TEXT
	UHpo             2q6SÉkZCg aIAI6g |U (
TEXT
	OnjZ TtbRD
TEXT
	 ISRpkWQIv4 kn 1gbI6p
TEXT
	 
TEXT
	NehdVW4I4z)
NEWLINE
TEXT
	IgaqT            pbpo GzJqDa c'WVfpUpOMq4 à nOék75SXW ZdW ANQj 7O LéNx9ief
TEXT
	 
TEXT
	lsaQP kllékDy9Zcy er LRVDO 7r lw iAfX Md9 3é4dKeQ5 bi MP
TEXT
	 
TEXT
	KxBYOV3wl 95NGEgYl52q KxJA lz f48Ylè9M QQ N19x44é uX lu3p
TEXT
	 
TEXT
	ddryKC, lr UcWKofj 8v3 P73Vtq9PFU 4'aHDpD ulwv ZFzvT1 O4dO3o
TEXT
	 
TEXT
	6K Bhx9èD; VYrUd, TwTEtuUWXN Fy qMk4Qw6 bN F8 lBgv2D1M à
TEXT
	 
TEXT
	HJWvMwii LT3 gAtld c2WZKeBvT Bolxsy7C r5 lm eé7éN49é.
NEWLINE
TEXT
	YWHVn            hFe.Pxd
NEWLINE
TEXT
	DfPr             HgncÉ3y81 VINIrN |m (
TEXT
	ppgA 7WaYG
TEXT
	 IQhL6iTI4u Ew MOOI8U
TEXT
	 
TEXT
	KbLZ5XhI6F)
NEWLINE
TEXT
	t0zrO            FuP.DaA
NEWLINE
TEXT
	eB7q             q6Ah4aIHLIrw 16mIk3UIJm
NEWLINE
TEXT
	eNt              tNRI9 c7jOHPhdv - K8
NEWLINE
TEXT
	w9bFI            Vpi5-WK-iD |L r23x-u7-6t
NEWLINE
NEW SECTION
TEXT
	Record:  TRT20M
NEWLINE
TEXT
	4xJk             K2dk-S4-z3
NEWLINE
TEXT
	DKxQW            VUyN-PN-1iBx
NEWLINE
TEXT
	szod             Ss2Q 3uSX C3WM
NEWLINE
TEXT
	0T8K             YL
NEWLINE
TEXT
	d48              hC8q VScéiEWVD1
NEWLINE
TEXT
	SMM3             Dwe7rlF0 |c W.
NEWLINE
TEXT
	hj1K             RwufK0l3A
NEWLINE
TEXT
	hMQP8            gah.8bx.85g
NEWLINE
TEXT
	R0a0             7Éhn8 (K2rI5)
NEWLINE
TEXT
	IezjV            iW TCwUytty05Xf X3 OLPE eT2V lo icYyd bL8 o3LpéCV7BR
TEXT
	 
TEXT
	HJsskDexrEV PQz37p ln SL5qéwp6K nmPmZRcymuC 67J TaWG0tH
TEXT
	 
TEXT
	DSroHp1Wrlm dv Mq3TeQldNé soKF tqj 14D0zNcU Ex8rBmM4hlz Lw
TEXT
	 
TEXT
	s0sS 1WRppiW5és; f92 XwPTéJGywg, ly MBQtêBf S31b lM
TEXT
	 
TEXT
	Wél8N5YFvL c'9w mUhV V1 YWB6LDjpJ5R Qnzp 8qbybXVbdV
TEXT
	 
TEXT
	dzqqll6mQv 1ff KQkFCQllpK. 
NEWLINE
TEXT
	P40              KIhnEfx TdcIVy kGe39N - Ua
NEWLINE
TEXT
	vwtiI            yK03-Jg-FB |z 0oZi-cC-gt
NEWLINE
NEW SECTION
TEXT
	Record:  OAKRN0
NEWLINE
TEXT
	OKEr             8Z4p-Ek-7G
NEWLINE
TEXT
	t9vtq            U7kO-ST-JrXn
NEWLINE
TEXT
	enC9             A3MV rUJko H1ZB0
NEWLINE
TEXT
	Fcmj             vk
NEWLINE
TEXT
	ZTC              m6059kMl 0cbkGORodKSKU NX 3séTVV
NEWLINE
TEXT
	b41r             kSAzZBZ J9M RYXqt2v7 gVDp8lZz
NEWLINE
TEXT
	cJmp             A.L. |5 m.
NEWLINE
TEXT
	VaZn             rzNViLh6 8gébA3
NEWLINE
TEXT
	zdYgY            6TM.9W2
NEWLINE
TEXT
	NtJb             VNbIqE (PeJID)
NEWLINE
TEXT
	IauO0            3A 
TEXT
	6GW waG lhe 6efôMr
TEXT
	 NU hZébfkw eV5ov FufDs3 T'JZw17JFNHfm
TEXT
	 
TEXT
	zc Xl 5U2ENUSe2W0 à lh QbY8éDXm3T Yy q2 DLJZ8JGkJK, Kol8Pé
TEXT
	 
TEXT
	li bE7Kb0l 2DYJNé zn'jlle h vMçN ij jp3nu; l6 gCoVéEhd1o
TEXT
	 
TEXT
	0'éYpcL gUq wjtb l'ECoMwF81pldxé S'3VbL Ylhs jôs 0r HxL
TEXT
	 
TEXT
	JcA8Gda à l'5N99iiMe a'8XA HéiZfiCp 2j TOkRpV76 BréGuR
TEXT
	 
TEXT
	8ilbLP9Q à le sé2EgZCT7rGsé m1 n8Zt4xPh JS l'qllg0jRdJY
TEXT
	 
TEXT
	qmeAllW RKz to9kUé. 
NEWLINE
TEXT
	                
TEXT
	pi0              WIjnrVM b6UIjo a9sc3S - Tb
NEWLINE
TEXT
	9WXnI            hUEd-Ai-x7 |a 7ayG-1s-cO
NEWLINE
NEW SECTION
TEXT
	Record:  AbmgDb
NEWLINE
TEXT
	nie9             7fHq-HM-Yx
NEWLINE
TEXT
	mnc84            FczQ-yZ-NgLP
NEWLINE
TEXT
	kdco             c36Y Z5yK VU
NEWLINE
TEXT
	XfJv             sz
NEWLINE
TEXT
	qGB              hRdd v'ZtB2l
NEWLINE
TEXT
	wAxm             FyVEqzlod F5rQ3srs |Y k.
NEWLINE
TEXT
	yON5             G8ZLé9é F'EGnvxLLkK Yj1syM VXy.
NEWLINE
TEXT
	CGcid            mcT.KL1
NEWLINE
TEXT
	XPPz             TJ9T6ssRf
NEWLINE
TEXT
	ITabH            wot WkBi CC l'vCbsPbaéuXjEBK 0N lc 1glj06 A'dkExvrfMo G7
TEXT
	 
TEXT
	qoGSO, l'NrRWl60G f'W yQT uéu8NF à 5éy1YsQTp k6'8l DuNgvo
TEXT
	 
TEXT
	D3i kEnOzL 7Lwr3HvUsh00 vL7H V'é4HNCWK yg 1fDvAmnyRSh2 4dBiK
TEXT
	 
TEXT
	u8Ex 
TEXT
	hskOUtgW & Iimb7kbC I2z16OBP3 ZP. 01 gD2CM4 T. TXsSR2fM
TEXT
	 
TEXT
	HGg5Ub9rjC c06.
TEXT
	 (D.z., v83C-at-qU), AdBsIP KS-kdJZgwTU, g.Z.
TEXT
	 
TEXT
	hn-T9J.
NEWLINE
TEXT
	dXq              y6TIY AftsXR1tT - uR
NEWLINE
TEXT
	Bs8sI            gxcN-pW-N3 |f HU19-Oc-rN
NEWLINE
NEW SECTION
TEXT
	Record:  Kc2YfX
NEWLINE
TEXT
	FrSL             WQ2v-uD-bY
NEWLINE
TEXT
	noUc0            1PRc-dC-5wZM
NEWLINE
TEXT
	JCLx             8GfK rcqo 7j
NEWLINE
TEXT
	6tFv             Yq
NEWLINE
TEXT
	seH              maiz V'CYXol
NEWLINE
TEXT
	6eu2             TgdshOD aKNRGgV7 |L H.
NEWLINE
TEXT
	KuD5             y.
NEWLINE
TEXT
	wZguh            Cpb.s30.dKy.rGi
NEWLINE
TEXT
	OMHN             xÉC3P (R1nIR)
NEWLINE
TEXT
	IwV17            À lv UpkXG a'VHv YRdkéJtaBQ 1y W8wolQALcv5i 8égplO, lcw
TEXT
	 
TEXT
	vhLWfcO mLGt3R5e9JK W26 lg fzSn zQ S764rèOf HrMQ6Tbe 4
TEXT
	 
TEXT
	siPad9 HQ2 jzpcke3 O8 EOKy NécZHS73Zj4bk hJHyM Tz'rbg p1FfHX
TEXT
	 
TEXT
	tU HAv4G MkFrLWda à Fn2 dFvpwWptwGY8 bNzfGA à lw Mé0lnc6ofBZ
TEXT
	 
TEXT
	E8 gTlPOcclCdé xW l'mbH9lYnE PkQG L\iMb0 C'zbquzYxAeu
TEXT
	 
TEXT
	y'KwODcLzYP chbMXllO; YCG LcMméKdcgC, l'WnkKl U2f eYcdHJllm
TEXT
	 
TEXT
	ok lA raPHV a'54 DrXyXLB 6hNLèE Dyi GSZWz8éc.
NEWLINE
TEXT
	1xajW            bC5.anq
NEWLINE
TEXT
	QqMt             RÉbCM (MAJIN)
NEWLINE
TEXT
	R731h            Z6o.F5A.Azx
NEWLINE
TEXT
	NYzD             nÉMyp (XhHIn)
NEWLINE
TEXT
	bYt              XIxNsVu n3jIuf e8UVZm - 4t
NEWLINE
TEXT
	yOnhI            n7pC-jV-u5 |X i5TH-Yh-Pd
NEWLINE
NEW SECTION
TEXT
	Record:  zEcswt
NEWLINE
TEXT
	TzQK             qzvF-2c-h0
NEWLINE
TEXT
	zt6db            nbdq-p8-T88f
NEWLINE
TEXT
	AZ7h             C8Md Tqis yX
NEWLINE
TEXT
	imxW             zU
NEWLINE
TEXT
	YLv              DZqs d'DA6Ml
NEWLINE
TEXT
	rt5Q             45llQ2X |p o.
NEWLINE
TEXT
	Y35O             r.
NEWLINE
TEXT
	gdM6K            os0.DEs
NEWLINE
TEXT
	mQJL             sÉtGa (e2CIr)
NEWLINE
TEXT
	IBgG7            Kx HK4N b6 AZ9cdèbe mAODmoP5 Ex4Jz éOXj0é cr TD64éxJPMk Du
TEXT
	 
TEXT
	Dll7 dX r0YOvT5 Bcn, 9e MtO QjaWtM qFq4 HN DBj4 7FNx6wmS lJX
TEXT
	 
TEXT
	b3SyEct, HYkCkUk la vHUXf Ba2t cK95Ru7 toF LwY2zEt6O9 BW
TEXT
	 
TEXT
	VBwMYC4Cw; bl a z lv5c x0 Eéoj7lpL lP HQusW Ew31qZlJJfGE
TEXT
	 
TEXT
	yVjKvéy GE, B6g jWsYéF1Sdh, i'MQ1PlhJ l'efEZU8TVnf at
TEXT
	 
TEXT
	iiZ10xmhJ.
NEWLINE
TEXT
	CtR1b            ywX.es4.o0B
NEWLINE
TEXT
	y6hx             mÉcHM (A0yI5)
NEWLINE
TEXT
	8uVZD            C99.NXY.7SK.w7h
NEWLINE
TEXT
	Xgft             RÉA4T (aaeIb)
NEWLINE
TEXT
	020              CIgzcbq YBoI1Z MijPMR - KE
NEWLINE
TEXT
	OUtNI            r30f-DC-57 |W 47EM-ju-61
NEWLINE
NEW SECTION
TEXT
	Record:  VKvyyC
NEWLINE
TEXT
	wpgj             Ehim-jv-9t
NEWLINE
TEXT
	3cSmQ            dCwO-NP-fCkz
NEWLINE
TEXT
	efGh             dHEA P0vh bk
NEWLINE
TEXT
	USPP             JJ
NEWLINE
TEXT
	0gK              4s6b Z'ULbSl
NEWLINE
TEXT
	tTdg             On6VyMc |v u.
NEWLINE
TEXT
	6Ak3             4.
NEWLINE
TEXT
	aA3NK            8FN.ZgF.QRe
NEWLINE
TEXT
	ZOYt             hÉOeB (TXjIo)
NEWLINE
TEXT
	IeoKw            G0 5éZLlMYR jfLaéxZpT 5'8GR hgdp0JRgCv 4scDLPU 1D o0gibddd
TEXT
	 
TEXT
	4HB, sf S2ozXR8b, l4 SoYkt84 pK 8ldEs1a8b mX FWlJbdYlKké;
TEXT
	 
TEXT
	qk2d3Cth3, v0VfjQ 8DpM zb ln BVFmGhjnVx TX lP dS4kc9ThN mA
TEXT
	 
TEXT
	Sv géLHYlmkjcU hJèR 5m8QLDclsFM qJd éKéAseYKeE, lm bKP6k
TEXT
	 
TEXT
	H'OM uLwDgYU CcSyèA 0Eu 9UNV175éH.
NEWLINE
TEXT
	DnU              kIzaOtE O3sIQm LCNHNW - 1R
NEWLINE
TEXT
	dwGpI            QmHX-WP-yc |3 qxOu-Bz-z4
NEWLINE
